[backblue.gif]
[fade.gif]
[index.html]
[jacksbox.de/wp-content/uploads/2013/02/fraction_slider_double_300x_100.png]
[jacksbox.de/wp-content/uploads/2013/02/fs-github.png]
[www.paypal.com/en_US/i/btn/btn_donate_LG.gif]
[www.paypal.com/en_US/i/scr/pixel.gif]
[jacksbox.de/wp-content/uploads/2013/02/linkedin.png]
[jacksbox.de/wp-content/uploads/2013/02/xing.png]
[jacksbox.de/stuff/jquery-fractionslider/index.html]
[jacksbox.de/stuff/jquery-fractionslider/documentation/index.html]
[jacksbox.de/stuff/jquery-fractionslider/element-option-reference/index.html]
[jacksbox.de/stuff/jquery-fractionslider/plugin-options-reference/index.html]
[jacksbox.de/stuff/jquery-fractionslider/slide-transitions/index.html]
[jacksbox.de/stuff/jquery-fractionslider/plugin-methods/index.html]
[jacksbox.de/stuff/jquery-fractionslider/index0e22.html]
[jacksbox.de/stuff/jquery-fractionslider/index3094.html]
[jacksbox.de/stuff/jquery-fractionslider/index21b4.html]
[jacksbox.de/stuff/jquery-fractionslider/index8e42.html]
[jacksbox.de/stuff/jquery-fractionslider/index41b7.html]
[jacksbox.de/stuff/jquery-fractionslider/index267f.html]
[jacksbox.de/stuff/jquery-fractionslider/index94a5.html]
[jacksbox.de/stuff/jquery-fractionslider/index6944.html]
[jacksbox.de/stuff/jquery-fractionslider/indexfc06.html]
[jacksbox.de/stuff/jquery-fractionslider/indexa858.html]
[jacksbox.de/stuff/jquery-fractionslider/index04d3.html]
[jacksbox.de/stuff/jquery-fractionslider/indexfa40.html]
[jacksbox.de/stuff/jquery-fractionslider/index360b.html]
[jacksbox.de/stuff/jquery-fractionslider/indexa79a.html]
[jacksbox.de/stuff/jquery-fractionslider/indexcff9.html]
[jacksbox.de/stuff/jquery-fractionslider/index745d.html]
[jacksbox.de/stuff/jquery-fractionslider/index06b6.html]
[jacksbox.de/stuff/jquery-fractionslider/index5cd6.html]
[jacksbox.de/stuff/jquery-fractionslider/indexbed3.html]
[jacksbox.de/stuff/jquery-fractionslider/indexf73b.html]
[jacksbox.de/stuff/jquery-fractionslider/index39ab.html]
[jacksbox.de/stuff/jquery-fractionslider/index9e16.html]
[jacksbox.de/stuff/jquery-fractionslider/index740f.html]
[jacksbox.de/stuff/jquery-fractionslider/indexa2f2.html]
[jacksbox.de/stuff/jquery-fractionslider/indexed49.html]
[jacksbox.de/stuff/jquery-fractionslider/index7e15.html]
[jacksbox.de/stuff/jquery-fractionslider/indexf3e0.html]
[jacksbox.de/stuff/jquery-fractionslider/indexcb15.html]
[jacksbox.de/stuff/jquery-fractionslider/indexc358.html]
[jacksbox.de/stuff/jquery-fractionslider/index640a.html]
[jacksbox.de/stuff/jquery-fractionslider/index39ee.html]
[jacksbox.de/stuff/jquery-fractionslider/index74ab.html]
[jacksbox.de/stuff/jquery-fractionslider/index784e.html]
[jacksbox.de/stuff/jquery-fractionslider/index6950.html]
[jacksbox.de/stuff/jquery-fractionslider/index5bbe.html]
[jacksbox.de/stuff/jquery-fractionslider/index1aff.html]
[jacksbox.de/stuff/jquery-fractionslider/index444a.html]
[jacksbox.de/stuff/jquery-fractionslider/indexac55.html]
[jacksbox.de/stuff/jquery-fractionslider/indexedf2.html]
[jacksbox.de/stuff/jquery-fractionslider/index610e.html]
[jacksbox.de/stuff/jquery-fractionslider/index42cb.html]
[jacksbox.de/stuff/jquery-fractionslider/indexdd92.html]
[jacksbox.de/stuff/jquery-fractionslider/indexa3ef.html]
[jacksbox.de/stuff/jquery-fractionslider/index2bb0.html]
[jacksbox.de/stuff/jquery-fractionslider/indexf389.html]
[jacksbox.de/stuff/jquery-fractionslider/index4bdc.html]
[jacksbox.de/stuff/jquery-fractionslider/index2671.html]
[jacksbox.de/stuff/jquery-fractionslider/index2f78.html]
[jacksbox.de/stuff/jquery-fractionslider/index5291.html]
[jacksbox.de/stuff/jquery-fractionslider/index18bd.html]
[jacksbox.de/stuff/jquery-fractionslider/index89cf.html]
[jacksbox.de/stuff/jquery-fractionslider/index75c0.html]
[jacksbox.de/stuff/jquery-fractionslider/index0565.html]
[jacksbox.de/stuff/jquery-fractionslider/indexe6c6.html]
[jacksbox.de/stuff/jquery-fractionslider/index0e6e.html]
[jacksbox.de/stuff/jquery-fractionslider/indexcb36.html]
[jacksbox.de/stuff/jquery-fractionslider/indexc83a.html]
[jacksbox.de/stuff/jquery-fractionslider/index1d36.html]
[jacksbox.de/stuff/jquery-fractionslider/index9fe4.html]
[jacksbox.de/stuff/jquery-fractionslider/index2655.html]
[jacksbox.de/stuff/jquery-fractionslider/index940a.html]
[jacksbox.de/stuff/jquery-fractionslider/de.linkedin.com/pub/mario-jäckle/1a/972/a66/index.html]
[jacksbox.de/wp-content/uploads/shadowbox-js/0ca8bc32c89a5cddc27b711bae8cd6b619ce.js]
[jacksbox.de/stuff/jquery-fractionslider/documentation/de.linkedin.com/pub/mario-jäckle/1a/972/a66/index.html]
[jacksbox.de/stuff/jquery-fractionslider/element-option-reference/de.linkedin.com/pub/mario-jäckle/1a/972/a66/index.html]
[jacksbox.de/stuff/jquery-fractionslider/plugin-options-reference/de.linkedin.com/pub/mario-jäckle/1a/972/a66/index.html]
[jacksbox.de/stuff/jquery-fractionslider/slide-transitions/de.linkedin.com/pub/mario-jäckle/1a/972/a66/index.html]
[jacksbox.de/stuff/jquery-fractionslider/plugin-methods/de.linkedin.com/pub/mario-jäckle/1a/972/a66/index.html]
[jacksbox.de/stuff/jquery-fractionslider/applewebkit/index.html]
[jacksbox.de/wp-content/uploads/shadowbox-js/src/index.html]
